This is pdfTeX, Version 3.141592653-2.6-1.40.25 (TeX Live 2023) (preloaded format=pdflatex 2023.4.19)  4 AUG 2026 12:20
entering extended mode
 restricted \write18 enabled.
 file:line:error style messages enabled.
 %&-line parsing enabled.
**ResNet_Article_reviewed.tex
(./ResNet_Article_reviewed.tex
LaTeX2e <2022-11-01> patch level 1
L3 programming layer <2023-02-22>
(/usr/local/texlive/2023/texmf-dist/tex/latex/revtex/revtex4-2.cls
Document Class: revtex4-2 2020/10/03 4.2e (https://journals.aps.org/revtex/ for
 documentation)
 Copyright (c) 2019 American Physical Society.
 mailto:revtex@aps.org
 Licensed under the LPPL:
http://www.ctan.org/tex-archive/macros/latex/base/lppl.txt
 Arthur Ogawa <arthur_ogawa at sbcglobal dot net>
 Based on work by David Carlisle <david at dcarlisle.demon.co.uk>
 Version (4.2d,4.2e): Modified by Mark Doyle and Phelype Oleinik
 .
ltxutil[2020/10/03 4.2e utilities package (portions licensed from W. E. Baxter 
web at superscript.com)]
LaTeX Info: Redefining \@centercr on input line 356.
Class revtex4-2 Info: Repairing hyperref-unfriendly LaTeX definition of \mpfoot
note on input line 481.
Class revtex4-2 Info: Repairing broken LateX \@sect on input line 803.
\intertabularlinepenalty=\count185
\@tbpen=\count186
\@arstrutbox@hline=\box51
Class revtex4-2 Info: Repairing broken LaTeX \@xbitor on input line 1834.
Class revtex4-2 Info: Making \typeout \long on input line 2099.
ltxfront[2020/10/03 4.2e frontmatter package (AO,DPC,MD)]
\c@affil=\count187
\c@collab=\count188
\absbox=\box52
ltxgrid[2020/10/03 4.2e page grid package (portions licensed from W. E. Baxter 
web at superscript.com)]
\c@linecount=\count189
\output@latex=\toks16
\box@size@1=\box53
\box@size@2=\box54
\@protection@box=\box55
\@topmark@saved=\toks17
\footins@saved=\box56
\footins@recovered=\box57
\column@recovered=\box58
\pagesofar=\box59
\footsofar=\box60
\pagegrid@col=\count190
Class revtex4-2 Info: Overriding \@vspace, \@vspacer, \@no@pgbk, \@newline, and
 \\  on input line 5665.
\c@part=\count191
\c@section=\count192
\c@subsection=\count193
\c@subsubsection=\count194
\c@paragraph=\count195
\c@subparagraph=\count196
\abovecaptionskip=\skip48
\belowcaptionskip=\skip49
\c@figure=\count197
\fbox@1=\box61
\c@table=\count198
\fbox@2=\box62
\c@video=\count199
\fbox@4=\box63
\@bibdataout=\write3
\widetext@top=\box64
\widetext@bot=\box65
Class revtex4-2 Info: Selecting society aps on input line 7658.
(/usr/local/texlive/2023/texmf-dist/tex/latex/revtex/aps4-2.rtx
File: aps4-2 2020/10/03 4.2e (https://journals.aps.org/revtex/ for documentatio
n)
Class revtex4-2 Info: RevTeX society APS selected on input line 40.
)
Class revtex4-2 Info: Selecting journal prd on input line 7660.
Class revtex4-2 Info: APS journal PRD selected on input line 7661.


Class revtex4-2 Warning: No type size specified, using default 10.

(/usr/local/texlive/2023/texmf-dist/tex/latex/revtex/aps10pt4-2.rtx
File: aps10pt4-2 2020/10/03 4.2e (https://journals.aps.org/revtex/ for document
ation)
Class revtex4-2 Info: RevTeX pointsize 10pt selected on input line 39.
)
(/usr/local/texlive/2023/texmf-dist/tex/latex/textcase/textcase.sty
Package: textcase 2022/07/10 v1.03 Text only upper/lower case changing (DPC)
Package textcase Info: Defining Legacy names on input line 20.
)
(/usr/local/texlive/2023/texmf-dist/tex/latex/url/url.sty
\Urlmuskip=\muskip16
Package: url 2013/09/16  ver 3.4  Verb mode for urls, etc.
)
(/usr/local/texlive/2023/texmf-dist/tex/latex/natbib/natbib.sty
Package: natbib 2010/09/13 8.31b (PWD, AO)
\bibhang=\skip50
\bibsep=\skip51
LaTeX Info: Redefining \cite on input line 694.
\c@NAT@ctr=\count266
)
Class revtex4-2 Info: Repairing natbib's \BibitemShut on input line 7665.

(/usr/local/texlive/2023/texmf-dist/tex/latex/revtex/revsymb4-2.sty
Package: revsymb4-2 2020/10/03 4.2e (https://journals.aps.org/revtex/ for docum
entation)
LaTeX Info: Redefining \REV@mathfrak on input line 128.
))
(/usr/local/texlive/2023/texmf-dist/tex/latex/base/inputenc.sty
Package: inputenc 2021/02/14 v1.3d Input encoding file
\inpenc@prehook=\toks18
\inpenc@posthook=\toks19
)
(/usr/local/texlive/2023/texmf-dist/tex/latex/base/fontenc.sty
Package: fontenc 2021/04/29 v2.0v Standard LaTeX package
)
(/usr/local/texlive/2023/texmf-dist/tex/latex/hyperref/hyperref.sty
Package: hyperref 2023-02-07 v7.00v Hypertext links for LaTeX

(/usr/local/texlive/2023/texmf-dist/tex/generic/ltxcmds/ltxcmds.sty
Package: ltxcmds 2020-05-10 v1.25 LaTeX kernel commands for general use (HO)
)
(/usr/local/texlive/2023/texmf-dist/tex/generic/iftex/iftex.sty
Package: iftex 2022/02/03 v1.0f TeX engine tests
)
(/usr/local/texlive/2023/texmf-dist/tex/generic/pdftexcmds/pdftexcmds.sty
Package: pdftexcmds 2020-06-27 v0.33 Utility functions of pdfTeX for LuaTeX (HO
)

(/usr/local/texlive/2023/texmf-dist/tex/generic/infwarerr/infwarerr.sty
Package: infwarerr 2019/12/03 v1.5 Providing info/warning/error messages (HO)
)
Package pdftexcmds Info: \pdf@primitive is available.
Package pdftexcmds Info: \pdf@ifprimitive is available.
Package pdftexcmds Info: \pdfdraftmode found.
)
(/usr/local/texlive/2023/texmf-dist/tex/latex/graphics/keyval.sty
Package: keyval 2022/05/29 v1.15 key=value parser (DPC)
\KV@toks@=\toks20
)
(/usr/local/texlive/2023/texmf-dist/tex/latex/kvsetkeys/kvsetkeys.sty
Package: kvsetkeys 2022-10-05 v1.19 Key value parser (HO)
)
(/usr/local/texlive/2023/texmf-dist/tex/generic/kvdefinekeys/kvdefinekeys.sty
Package: kvdefinekeys 2019-12-19 v1.6 Define keys (HO)
)
(/usr/local/texlive/2023/texmf-dist/tex/generic/pdfescape/pdfescape.sty
Package: pdfescape 2019/12/09 v1.15 Implements pdfTeX's escape features (HO)
)
(/usr/local/texlive/2023/texmf-dist/tex/latex/hycolor/hycolor.sty
Package: hycolor 2020-01-27 v1.10 Color options for hyperref/bookmark (HO)
)
(/usr/local/texlive/2023/texmf-dist/tex/latex/letltxmacro/letltxmacro.sty
Package: letltxmacro 2019/12/03 v1.6 Let assignment for LaTeX macros (HO)
)
(/usr/local/texlive/2023/texmf-dist/tex/latex/auxhook/auxhook.sty
Package: auxhook 2019-12-17 v1.6 Hooks for auxiliary files (HO)
)
(/usr/local/texlive/2023/texmf-dist/tex/latex/hyperref/nameref.sty
Package: nameref 2022-05-17 v2.50 Cross-referencing by name of section

(/usr/local/texlive/2023/texmf-dist/tex/latex/refcount/refcount.sty
Package: refcount 2019/12/15 v3.6 Data extraction from label references (HO)
)
(/usr/local/texlive/2023/texmf-dist/tex/generic/gettitlestring/gettitlestring.s
ty
Package: gettitlestring 2019/12/15 v1.6 Cleanup title references (HO)
 (/usr/local/texlive/2023/texmf-dist/tex/latex/kvoptions/kvoptions.sty
Package: kvoptions 2022-06-15 v3.15 Key value format for package options (HO)
))
\c@section@level=\count267
)
\@linkdim=\dimen140
\Hy@linkcounter=\count268
\Hy@pagecounter=\count269

(/usr/local/texlive/2023/texmf-dist/tex/latex/hyperref/pd1enc.def
File: pd1enc.def 2023-02-07 v7.00v Hyperref: PDFDocEncoding definition (HO)
Now handling font encoding PD1 ...
... no UTF-8 mapping file for font encoding PD1
)
(/usr/local/texlive/2023/texmf-dist/tex/generic/intcalc/intcalc.sty
Package: intcalc 2019/12/15 v1.3 Expandable calculations with integers (HO)
)
(/usr/local/texlive/2023/texmf-dist/tex/generic/etexcmds/etexcmds.sty
Package: etexcmds 2019/12/15 v1.7 Avoid name clashes with e-TeX commands (HO)
)
\Hy@SavedSpaceFactor=\count270

(/usr/local/texlive/2023/texmf-dist/tex/latex/hyperref/puenc.def
File: puenc.def 2023-02-07 v7.00v Hyperref: PDF Unicode definition (HO)
Now handling font encoding PU ...
... no UTF-8 mapping file for font encoding PU
)
Package hyperref Info: Option `colorlinks' set `true' on input line 4060.
Package hyperref Info: Hyper figures OFF on input line 4177.
Package hyperref Info: Link nesting OFF on input line 4182.
Package hyperref Info: Hyper index ON on input line 4185.
Package hyperref Info: Plain pages OFF on input line 4192.
Package hyperref Info: Backreferencing OFF on input line 4197.
Package hyperref Info: Implicit mode ON; LaTeX internals redefined.
Package hyperref Info: Bookmarks ON on input line 4425.
LaTeX Info: Redefining \href on input line 4674.
\c@Hy@tempcnt=\count271
LaTeX Info: Redefining \url on input line 4763.
\XeTeXLinkMargin=\dimen141

(/usr/local/texlive/2023/texmf-dist/tex/generic/bitset/bitset.sty
Package: bitset 2019/12/09 v1.3 Handle bit-vector datatype (HO)

(/usr/local/texlive/2023/texmf-dist/tex/generic/bigintcalc/bigintcalc.sty
Package: bigintcalc 2019/12/15 v1.5 Expandable calculations on big integers (HO
)
))
\Fld@menulength=\count272
\Field@Width=\dimen142
\Fld@charsize=\dimen143
Package hyperref Info: Hyper figures OFF on input line 6042.
Package hyperref Info: Link nesting OFF on input line 6047.
Package hyperref Info: Hyper index ON on input line 6050.
Package hyperref Info: backreferencing OFF on input line 6057.
Package hyperref Info: Link coloring ON on input line 6060.
Package hyperref Info: Link coloring with OCG OFF on input line 6067.
Package hyperref Info: PDF/A mode OFF on input line 6072.

(/usr/local/texlive/2023/texmf-dist/tex/latex/base/atbegshi-ltx.sty
Package: atbegshi-ltx 2021/01/10 v1.0c Emulation of the original atbegshi
package with kernel methods
)
\Hy@abspage=\count273
\c@Item=\count274
\c@Hfootnote=\count275
)
Package hyperref Info: Driver (autodetected): hpdftex.

(/usr/local/texlive/2023/texmf-dist/tex/latex/hyperref/hpdftex.def
File: hpdftex.def 2023-02-07 v7.00v Hyperref driver for pdfTeX

(/usr/local/texlive/2023/texmf-dist/tex/latex/base/atveryend-ltx.sty
Package: atveryend-ltx 2020/08/19 v1.0a Emulation of the original atveryend pac
kage
with kernel methods
)
\Fld@listcount=\count276
\c@bookmark@seq@number=\count277

(/usr/local/texlive/2023/texmf-dist/tex/latex/rerunfilecheck/rerunfilecheck.sty
Package: rerunfilecheck 2022-07-10 v1.10 Rerun checks for auxiliary files (HO)

(/usr/local/texlive/2023/texmf-dist/tex/generic/uniquecounter/uniquecounter.sty
Package: uniquecounter 2019/12/15 v1.4 Provide unlimited unique counter (HO)
)
Package uniquecounter Info: New unique counter `rerunfilecheck' on input line 2
85.
)
\Hy@SectionHShift=\skip52
) (/usr/local/texlive/2023/texmf-dist/tex/latex/graphics/graphicx.sty
Package: graphicx 2021/09/16 v1.2d Enhanced LaTeX Graphics (DPC,SPQR)

(/usr/local/texlive/2023/texmf-dist/tex/latex/graphics/graphics.sty
Package: graphics 2022/03/10 v1.4e Standard LaTeX Graphics (DPC,SPQR)

(/usr/local/texlive/2023/texmf-dist/tex/latex/graphics/trig.sty
Package: trig 2021/08/11 v1.11 sin cos tan (DPC)
)
(/usr/local/texlive/2023/texmf-dist/tex/latex/graphics-cfg/graphics.cfg
File: graphics.cfg 2016/06/04 v1.11 sample graphics configuration
)
Package graphics Info: Driver file: pdftex.def on input line 107.

(/usr/local/texlive/2023/texmf-dist/tex/latex/graphics-def/pdftex.def
File: pdftex.def 2022/09/22 v1.2b Graphics/color driver for pdftex
))
\Gin@req@height=\dimen144
\Gin@req@width=\dimen145
)
(/usr/local/texlive/2023/texmf-dist/tex/latex/caption/subcaption.sty
Package: subcaption 2023/02/19 v1.6 Sub-captions (AR)

(/usr/local/texlive/2023/texmf-dist/tex/latex/caption/caption.sty
Package: caption 2023/03/12 v3.6j Customizing captions (AR)

(/usr/local/texlive/2023/texmf-dist/tex/latex/caption/caption3.sty
Package: caption3 2023/03/12 v2.4 caption3 kernel (AR)
\caption@tempdima=\dimen146
\captionmargin=\dimen147
\caption@leftmargin=\dimen148
\caption@rightmargin=\dimen149
\caption@width=\dimen150
\caption@indent=\dimen151
\caption@parindent=\dimen152
\caption@hangindent=\dimen153
Package caption Info: Unknown document class (or package),
(caption)             standard defaults will be used.
Package caption Info: \@makecaption = \long macro:#1#2->\par \vskip \abovecapti
onskip \begingroup \small \rmfamily \sbox \@tempboxa {\let \\\heading@cr \@make
@capt@title {#1}{#2}}\@ifdim {\wd \@tempboxa >\hsize }{\begingroup \samepage \f
lushing \let \footnote \@footnotemark@gobble \@make@capt@title {#1}{#2}\par \en
dgroup }{\global \@minipagefalse \hb@xt@ \hsize {\hfil \unhbox \@tempboxa \hfil
 }}\endgroup \vskip \belowcaptionskip  on input line 1176.
)

Package caption Warning: Unknown document class (or package),
(caption)                standard defaults will be used.
See the caption package documentation for explanation.

\c@caption@flags=\count278
\c@continuedfloat=\count279
Package caption Info: hyperref package is loaded.
)
Package caption Info: New subtype `subfigure' on input line 239.
\c@subfigure=\count280
Package caption Info: New subtype `subtable' on input line 239.
\c@subtable=\count281
) (/usr/local/texlive/2023/texmf-dist/tex/latex/multirow/multirow.sty
Package: multirow 2021/03/15 v2.8 Span multiple rows of a table
\multirow@colwidth=\skip53
\multirow@cntb=\count282
\multirow@dima=\skip54
\bigstrutjot=\dimen154
)
(/usr/local/texlive/2023/texmf-dist/tex/latex/amsmath/amsmath.sty
Package: amsmath 2022/04/08 v2.17n AMS math features
\@mathmargin=\skip55

For additional information on amsmath, use the `?' option.
(/usr/local/texlive/2023/texmf-dist/tex/latex/amsmath/amstext.sty
Package: amstext 2021/08/26 v2.01 AMS text

(/usr/local/texlive/2023/texmf-dist/tex/latex/amsmath/amsgen.sty
File: amsgen.sty 1999/11/30 v2.0 generic functions
\@emptytoks=\toks21
\ex@=\dimen155
)
LaTeX Info: Redefining \text on input line 28.
)
(/usr/local/texlive/2023/texmf-dist/tex/latex/amsmath/amsbsy.sty
Package: amsbsy 1999/11/29 v1.2d Bold Symbols
\pmbraise@=\dimen156
)
(/usr/local/texlive/2023/texmf-dist/tex/latex/amsmath/amsopn.sty
Package: amsopn 2022/04/08 v2.04 operator names
)
\inf@bad=\count283
LaTeX Info: Redefining \frac on input line 234.
\uproot@=\count284
\leftroot@=\count285
LaTeX Info: Redefining \overline on input line 399.
LaTeX Info: Redefining \colon on input line 410.
\classnum@=\count286
\DOTSCASE@=\count287
LaTeX Info: Redefining \ldots on input line 496.
LaTeX Info: Redefining \dots on input line 499.
LaTeX Info: Redefining \cdots on input line 620.
\Mathstrutbox@=\box66
\strutbox@=\box67
LaTeX Info: Redefining \big on input line 722.
LaTeX Info: Redefining \Big on input line 723.
LaTeX Info: Redefining \bigg on input line 724.
LaTeX Info: Redefining \Bigg on input line 725.
\big@size=\dimen157
LaTeX Font Info:    Redeclaring font encoding OML on input line 743.
LaTeX Font Info:    Redeclaring font encoding OMS on input line 744.
\macc@depth=\count288
LaTeX Info: Redefining \bmod on input line 905.
LaTeX Info: Redefining \pmod on input line 910.
LaTeX Info: Redefining \smash on input line 940.
LaTeX Info: Redefining \relbar on input line 970.
LaTeX Info: Redefining \Relbar on input line 971.
\c@MaxMatrixCols=\count289
\dotsspace@=\muskip17
\c@parentequation=\count290
\dspbrk@lvl=\count291
\tag@help=\toks22
\row@=\count292
\column@=\count293
\maxfields@=\count294
\andhelp@=\toks23
\eqnshift@=\dimen158
\alignsep@=\dimen159
\tagshift@=\dimen160
\tagwidth@=\dimen161
\totwidth@=\dimen162
\lineht@=\dimen163
\@envbody=\toks24
\multlinegap=\skip56
\multlinetaggap=\skip57
\mathdisplay@stack=\toks25
LaTeX Info: Redefining \[ on input line 2953.
LaTeX Info: Redefining \] on input line 2954.
)
(/usr/local/texlive/2023/texmf-dist/tex/latex/silence/silence.sty
Package: silence 2012/07/02 v1.5b Selective filtering of warnings and error mes
sages
\sl@Save=\count295
\sl@StateNumber=\count296
\sl@MessageCount=\count297
\sl@Casualties=\count298
\sl@Filter=\toks26
\sl@Message=\toks27
\sl@UnexpandedMessage=\toks28
\sl@Mess@ge=\toks29
\sl@WarningCount=\count299
\sl@WarningNumber=\count300
\sl@WarningCasualties=\count301
\sl@TempBOW=\toks30
\sl@BankOfWarnings=\toks31
LaTeX Info: Redefining \GenericWarning on input line 433.
\sl@ErrorCount=\count302
\sl@ErrorNumber=\count303
\sl@ErrorCasualties=\count304
\sl@TempBOE=\toks32
\sl@BankOfErrors=\toks33
LaTeX Info: Redefining \GenericError on input line 601.
)
(/usr/local/texlive/2023/texmf-dist/tex/generic/soul/soul.sty
Package: soul 2023-02-18 v3.0 Permit use of UTF-8 characters in soul (HO)

(/usr/local/texlive/2023/texmf-dist/tex/generic/soul/soul-ori.sty
Package: soul-ori 2023-02-18 v3.0 letterspacing/underlining (mf)
\SOUL@word=\toks34
\SOUL@lasttoken=\toks35
\SOUL@syllable=\toks36
\SOUL@cmds=\toks37
\SOUL@buffer=\toks38
\SOUL@token=\toks39
\SOUL@syllgoal=\dimen164
\SOUL@syllwidth=\dimen165
\SOUL@charkern=\dimen166
\SOUL@hyphkern=\dimen167
\SOUL@dimen=\dimen168
\SOUL@dimeni=\dimen169
\SOUL@minus=\count305
\SOUL@comma=\count306
\SOUL@apo=\count307
\SOUL@grave=\count308
\SOUL@spaceskip=\skip58
\SOUL@ttwidth=\dimen170
\SOUL@uldp=\dimen171
\SOUL@ulht=\dimen172
))
(/usr/local/texlive/2023/texmf-dist/tex/latex/xcolor/xcolor.sty
Package: xcolor 2022/06/12 v2.14 LaTeX color extensions (UK)

(/usr/local/texlive/2023/texmf-dist/tex/latex/graphics-cfg/color.cfg
File: color.cfg 2016/01/02 v1.6 sample color configuration
)
Package xcolor Info: Driver file: pdftex.def on input line 227.

(/usr/local/texlive/2023/texmf-dist/tex/latex/graphics/mathcolor.ltx)
Package xcolor Info: Model `cmy' substituted by `cmy0' on input line 1353.
Package xcolor Info: Model `hsb' substituted by `rgb' on input line 1357.
Package xcolor Info: Model `RGB' extended on input line 1369.
Package xcolor Info: Model `HTML' substituted by `rgb' on input line 1371.
Package xcolor Info: Model `Hsb' substituted by `hsb' on input line 1372.
Package xcolor Info: Model `tHsb' substituted by `hsb' on input line 1373.
Package xcolor Info: Model `HSB' substituted by `hsb' on input line 1374.
Package xcolor Info: Model `Gray' substituted by `gray' on input line 1375.
Package xcolor Info: Model `wave' substituted by `hsb' on input line 1376.
)
(/usr/local/texlive/2023/texmf-dist/tex/latex/orcidlink/orcidlink.sty
Package: orcidlink 2021/06/11 v1.0.4 Linked ORCiD logo macro package

(/usr/local/texlive/2023/texmf-dist/tex/latex/pgf/frontendlayer/tikz.sty
(/usr/local/texlive/2023/texmf-dist/tex/latex/pgf/basiclayer/pgf.sty
(/usr/local/texlive/2023/texmf-dist/tex/latex/pgf/utilities/pgfrcs.sty
(/usr/local/texlive/2023/texmf-dist/tex/generic/pgf/utilities/pgfutil-common.te
x
\pgfutil@everybye=\toks40
\pgfutil@tempdima=\dimen173
\pgfutil@tempdimb=\dimen174
)
(/usr/local/texlive/2023/texmf-dist/tex/generic/pgf/utilities/pgfutil-latex.def
\pgfutil@abb=\box68
) (/usr/local/texlive/2023/texmf-dist/tex/generic/pgf/utilities/pgfrcs.code.tex
(/usr/local/texlive/2023/texmf-dist/tex/generic/pgf/pgf.revision.tex)
Package: pgfrcs 2023-01-15 v3.1.10 (3.1.10)
))
Package: pgf 2023-01-15 v3.1.10 (3.1.10)

(/usr/local/texlive/2023/texmf-dist/tex/latex/pgf/basiclayer/pgfcore.sty
(/usr/local/texlive/2023/texmf-dist/tex/latex/pgf/systemlayer/pgfsys.sty
(/usr/local/texlive/2023/texmf-dist/tex/generic/pgf/systemlayer/pgfsys.code.tex
Package: pgfsys 2023-01-15 v3.1.10 (3.1.10)
(/usr/local/texlive/2023/texmf-dist/tex/generic/pgf/utilities/pgfkeys.code.tex
\pgfkeys@pathtoks=\toks41
\pgfkeys@temptoks=\toks42

(/usr/local/texlive/2023/texmf-dist/tex/generic/pgf/utilities/pgfkeyslibraryfil
tered.code.tex
\pgfkeys@tmptoks=\toks43
))
\pgf@x=\dimen175
\pgf@y=\dimen176
\pgf@xa=\dimen177
\pgf@ya=\dimen178
\pgf@xb=\dimen179
\pgf@yb=\dimen180
\pgf@xc=\dimen181
\pgf@yc=\dimen182
\pgf@xd=\dimen183
\pgf@yd=\dimen184
\w@pgf@writea=\write4
\r@pgf@reada=\read2
\c@pgf@counta=\count309
\c@pgf@countb=\count310
\c@pgf@countc=\count311
\c@pgf@countd=\count312
\t@pgf@toka=\toks44
\t@pgf@tokb=\toks45
\t@pgf@tokc=\toks46
\pgf@sys@id@count=\count313

(/usr/local/texlive/2023/texmf-dist/tex/generic/pgf/systemlayer/pgf.cfg
File: pgf.cfg 2023-01-15 v3.1.10 (3.1.10)
)
Driver file for pgf: pgfsys-pdftex.def

(/usr/local/texlive/2023/texmf-dist/tex/generic/pgf/systemlayer/pgfsys-pdftex.d
ef
File: pgfsys-pdftex.def 2023-01-15 v3.1.10 (3.1.10)

(/usr/local/texlive/2023/texmf-dist/tex/generic/pgf/systemlayer/pgfsys-common-p
df.def
File: pgfsys-common-pdf.def 2023-01-15 v3.1.10 (3.1.10)
)))
(/usr/local/texlive/2023/texmf-dist/tex/generic/pgf/systemlayer/pgfsyssoftpath.
code.tex
File: pgfsyssoftpath.code.tex 2023-01-15 v3.1.10 (3.1.10)
\pgfsyssoftpath@smallbuffer@items=\count314
\pgfsyssoftpath@bigbuffer@items=\count315
)
(/usr/local/texlive/2023/texmf-dist/tex/generic/pgf/systemlayer/pgfsysprotocol.
code.tex
File: pgfsysprotocol.code.tex 2023-01-15 v3.1.10 (3.1.10)
))
(/usr/local/texlive/2023/texmf-dist/tex/generic/pgf/basiclayer/pgfcore.code.tex
Package: pgfcore 2023-01-15 v3.1.10 (3.1.10)
(/usr/local/texlive/2023/texmf-dist/tex/generic/pgf/math/pgfmath.code.tex
(/usr/local/texlive/2023/texmf-dist/tex/generic/pgf/math/pgfmathutil.code.tex)
(/usr/local/texlive/2023/texmf-dist/tex/generic/pgf/math/pgfmathparser.code.tex
\pgfmath@dimen=\dimen185
\pgfmath@count=\count316
\pgfmath@box=\box69
\pgfmath@toks=\toks47
\pgfmath@stack@operand=\toks48
\pgfmath@stack@operation=\toks49
)
(/usr/local/texlive/2023/texmf-dist/tex/generic/pgf/math/pgfmathfunctions.code.
tex)
(/usr/local/texlive/2023/texmf-dist/tex/generic/pgf/math/pgfmathfunctions.basic
.code.tex)
(/usr/local/texlive/2023/texmf-dist/tex/generic/pgf/math/pgfmathfunctions.trigo
nometric.code.tex)
(/usr/local/texlive/2023/texmf-dist/tex/generic/pgf/math/pgfmathfunctions.rando
m.code.tex)
(/usr/local/texlive/2023/texmf-dist/tex/generic/pgf/math/pgfmathfunctions.compa
rison.code.tex)
(/usr/local/texlive/2023/texmf-dist/tex/generic/pgf/math/pgfmathfunctions.base.
code.tex)
(/usr/local/texlive/2023/texmf-dist/tex/generic/pgf/math/pgfmathfunctions.round
.code.tex)
(/usr/local/texlive/2023/texmf-dist/tex/generic/pgf/math/pgfmathfunctions.misc.
code.tex)
(/usr/local/texlive/2023/texmf-dist/tex/generic/pgf/math/pgfmathfunctions.integ
erarithmetics.code.tex)
(/usr/local/texlive/2023/texmf-dist/tex/generic/pgf/math/pgfmathcalc.code.tex)
(/usr/local/texlive/2023/texmf-dist/tex/generic/pgf/math/pgfmathfloat.code.tex
\c@pgfmathroundto@lastzeros=\count317
)) (/usr/local/texlive/2023/texmf-dist/tex/generic/pgf/math/pgfint.code.tex)
(/usr/local/texlive/2023/texmf-dist/tex/generic/pgf/basiclayer/pgfcorepoints.co
de.tex
File: pgfcorepoints.code.tex 2023-01-15 v3.1.10 (3.1.10)
\pgf@picminx=\dimen186
\pgf@picmaxx=\dimen187
\pgf@picminy=\dimen188
\pgf@picmaxy=\dimen189
\pgf@pathminx=\dimen190
\pgf@pathmaxx=\dimen191
\pgf@pathminy=\dimen192
\pgf@pathmaxy=\dimen193
\pgf@xx=\dimen194
\pgf@xy=\dimen195
\pgf@yx=\dimen196
\pgf@yy=\dimen197
\pgf@zx=\dimen198
\pgf@zy=\dimen199
)
(/usr/local/texlive/2023/texmf-dist/tex/generic/pgf/basiclayer/pgfcorepathconst
ruct.code.tex
File: pgfcorepathconstruct.code.tex 2023-01-15 v3.1.10 (3.1.10)
\pgf@path@lastx=\dimen256
\pgf@path@lasty=\dimen257
)
(/usr/local/texlive/2023/texmf-dist/tex/generic/pgf/basiclayer/pgfcorepathusage
.code.tex
File: pgfcorepathusage.code.tex 2023-01-15 v3.1.10 (3.1.10)
\pgf@shorten@end@additional=\dimen258
\pgf@shorten@start@additional=\dimen259
)
(/usr/local/texlive/2023/texmf-dist/tex/generic/pgf/basiclayer/pgfcorescopes.co
de.tex
File: pgfcorescopes.code.tex 2023-01-15 v3.1.10 (3.1.10)
\pgfpic=\box70
\pgf@hbox=\box71
\pgf@layerbox@main=\box72
\pgf@picture@serial@count=\count318
)
(/usr/local/texlive/2023/texmf-dist/tex/generic/pgf/basiclayer/pgfcoregraphicst
ate.code.tex
File: pgfcoregraphicstate.code.tex 2023-01-15 v3.1.10 (3.1.10)
\pgflinewidth=\dimen260
)
(/usr/local/texlive/2023/texmf-dist/tex/generic/pgf/basiclayer/pgfcoretransform
ations.code.tex
File: pgfcoretransformations.code.tex 2023-01-15 v3.1.10 (3.1.10)
\pgf@pt@x=\dimen261
\pgf@pt@y=\dimen262
\pgf@pt@temp=\dimen263
)
(/usr/local/texlive/2023/texmf-dist/tex/generic/pgf/basiclayer/pgfcorequick.cod
e.tex
File: pgfcorequick.code.tex 2023-01-15 v3.1.10 (3.1.10)
)
(/usr/local/texlive/2023/texmf-dist/tex/generic/pgf/basiclayer/pgfcoreobjects.c
ode.tex
File: pgfcoreobjects.code.tex 2023-01-15 v3.1.10 (3.1.10)
)
(/usr/local/texlive/2023/texmf-dist/tex/generic/pgf/basiclayer/pgfcorepathproce
ssing.code.tex
File: pgfcorepathprocessing.code.tex 2023-01-15 v3.1.10 (3.1.10)
)
(/usr/local/texlive/2023/texmf-dist/tex/generic/pgf/basiclayer/pgfcorearrows.co
de.tex
File: pgfcorearrows.code.tex 2023-01-15 v3.1.10 (3.1.10)
\pgfarrowsep=\dimen264
)
(/usr/local/texlive/2023/texmf-dist/tex/generic/pgf/basiclayer/pgfcoreshade.cod
e.tex
File: pgfcoreshade.code.tex 2023-01-15 v3.1.10 (3.1.10)
\pgf@max=\dimen265
\pgf@sys@shading@range@num=\count319
\pgf@shadingcount=\count320
)
(/usr/local/texlive/2023/texmf-dist/tex/generic/pgf/basiclayer/pgfcoreimage.cod
e.tex
File: pgfcoreimage.code.tex 2023-01-15 v3.1.10 (3.1.10)
)
(/usr/local/texlive/2023/texmf-dist/tex/generic/pgf/basiclayer/pgfcoreexternal.
code.tex
File: pgfcoreexternal.code.tex 2023-01-15 v3.1.10 (3.1.10)
\pgfexternal@startupbox=\box73
)
(/usr/local/texlive/2023/texmf-dist/tex/generic/pgf/basiclayer/pgfcorelayers.co
de.tex
File: pgfcorelayers.code.tex 2023-01-15 v3.1.10 (3.1.10)
)
(/usr/local/texlive/2023/texmf-dist/tex/generic/pgf/basiclayer/pgfcoretranspare
ncy.code.tex
File: pgfcoretransparency.code.tex 2023-01-15 v3.1.10 (3.1.10)
)
(/usr/local/texlive/2023/texmf-dist/tex/generic/pgf/basiclayer/pgfcorepatterns.
code.tex
File: pgfcorepatterns.code.tex 2023-01-15 v3.1.10 (3.1.10)
)
(/usr/local/texlive/2023/texmf-dist/tex/generic/pgf/basiclayer/pgfcorerdf.code.
tex
File: pgfcorerdf.code.tex 2023-01-15 v3.1.10 (3.1.10)
)))
(/usr/local/texlive/2023/texmf-dist/tex/generic/pgf/modules/pgfmoduleshapes.cod
e.tex
File: pgfmoduleshapes.code.tex 2023-01-15 v3.1.10 (3.1.10)
\pgfnodeparttextbox=\box74
)
(/usr/local/texlive/2023/texmf-dist/tex/generic/pgf/modules/pgfmoduleplot.code.
tex
File: pgfmoduleplot.code.tex 2023-01-15 v3.1.10 (3.1.10)
)
(/usr/local/texlive/2023/texmf-dist/tex/latex/pgf/compatibility/pgfcomp-version
-0-65.sty
Package: pgfcomp-version-0-65 2023-01-15 v3.1.10 (3.1.10)
\pgf@nodesepstart=\dimen266
\pgf@nodesepend=\dimen267
)
(/usr/local/texlive/2023/texmf-dist/tex/latex/pgf/compatibility/pgfcomp-version
-1-18.sty
Package: pgfcomp-version-1-18 2023-01-15 v3.1.10 (3.1.10)
))
(/usr/local/texlive/2023/texmf-dist/tex/latex/pgf/utilities/pgffor.sty
(/usr/local/texlive/2023/texmf-dist/tex/latex/pgf/utilities/pgfkeys.sty
(/usr/local/texlive/2023/texmf-dist/tex/generic/pgf/utilities/pgfkeys.code.tex)
) (/usr/local/texlive/2023/texmf-dist/tex/latex/pgf/math/pgfmath.sty
(/usr/local/texlive/2023/texmf-dist/tex/generic/pgf/math/pgfmath.code.tex))
(/usr/local/texlive/2023/texmf-dist/tex/generic/pgf/utilities/pgffor.code.tex
Package: pgffor 2023-01-15 v3.1.10 (3.1.10)
\pgffor@iter=\dimen268
\pgffor@skip=\dimen269
\pgffor@stack=\toks50
\pgffor@toks=\toks51
))
(/usr/local/texlive/2023/texmf-dist/tex/generic/pgf/frontendlayer/tikz/tikz.cod
e.tex
Package: tikz 2023-01-15 v3.1.10 (3.1.10)

(/usr/local/texlive/2023/texmf-dist/tex/generic/pgf/libraries/pgflibraryplothan
dlers.code.tex
File: pgflibraryplothandlers.code.tex 2023-01-15 v3.1.10 (3.1.10)
\pgf@plot@mark@count=\count321
\pgfplotmarksize=\dimen270
)
\tikz@lastx=\dimen271
\tikz@lasty=\dimen272
\tikz@lastxsaved=\dimen273
\tikz@lastysaved=\dimen274
\tikz@lastmovetox=\dimen275
\tikz@lastmovetoy=\dimen276
\tikzleveldistance=\dimen277
\tikzsiblingdistance=\dimen278
\tikz@figbox=\box75
\tikz@figbox@bg=\box76
\tikz@tempbox=\box77
\tikz@tempbox@bg=\box78
\tikztreelevel=\count322
\tikznumberofchildren=\count323
\tikznumberofcurrentchild=\count324
\tikz@fig@count=\count325

(/usr/local/texlive/2023/texmf-dist/tex/generic/pgf/modules/pgfmodulematrix.cod
e.tex
File: pgfmodulematrix.code.tex 2023-01-15 v3.1.10 (3.1.10)
\pgfmatrixcurrentrow=\count326
\pgfmatrixcurrentcolumn=\count327
\pgf@matrix@numberofcolumns=\count328
)
\tikz@expandcount=\count329

(/usr/local/texlive/2023/texmf-dist/tex/generic/pgf/frontendlayer/tikz/librarie
s/tikzlibrarytopaths.code.tex
File: tikzlibrarytopaths.code.tex 2023-01-15 v3.1.10 (3.1.10)
)))
(/usr/local/texlive/2023/texmf-dist/tex/generic/pgf/frontendlayer/tikz/librarie
s/tikzlibrarysvg.path.code.tex
File: tikzlibrarysvg.path.code.tex 2023-01-15 v3.1.10 (3.1.10)

(/usr/local/texlive/2023/texmf-dist/tex/generic/pgf/libraries/pgflibrarysvg.pat
h.code.tex
File: pgflibrarysvg.path.code.tex 2023-01-15 v3.1.10 (3.1.10)

(/usr/local/texlive/2023/texmf-dist/tex/generic/pgf/modules/pgfmoduleparser.cod
e.tex
File: pgfmoduleparser.code.tex 2023-01-15 v3.1.10 (3.1.10)
\pgfparserdef@arg@count=\count330
)
\pgf@lib@svg@last@x=\dimen279
\pgf@lib@svg@last@y=\dimen280
\pgf@lib@svg@last@c@x=\dimen281
\pgf@lib@svg@last@c@y=\dimen282
\pgf@lib@svg@count=\count331
\pgf@lib@svg@max@num=\count332
))
\@curXheight=\skip59
)
Class revtex4-2 Info: Unrecognized LaTeX tabular. Please update this document c
lass! (Proceeding with fingers crossed.) on input line 43.
Class revtex4-2 Info: cite was not loaded (OK!) on input line 43.
Class revtex4-2 Info: mcite was not loaded (OK!) on input line 43.
Class revtex4-2 Info: multicol was not loaded (OK!) on input line 43.

(/usr/local/texlive/2023/texmf-dist/tex/latex/l3backend/l3backend-pdftex.def
File: l3backend-pdftex.def 2023-01-16 L3 backend support: PDF output (pdfTeX)
\l__color_backend_stack_int=\count333
\l__pdf_internal_box=\box79
)
(./ResNet_Article_reviewed.aux)
\openout1 = `ResNet_Article_reviewed.aux'.

LaTeX Font Info:    Checking defaults for OML/cmm/m/it on input line 43.
LaTeX Font Info:    ... okay on input line 43.
LaTeX Font Info:    Checking defaults for OMS/cmsy/m/n on input line 43.
LaTeX Font Info:    ... okay on input line 43.
LaTeX Font Info:    Checking defaults for OT1/cmr/m/n on input line 43.
LaTeX Font Info:    ... okay on input line 43.
LaTeX Font Info:    Checking defaults for T1/cmr/m/n on input line 43.
LaTeX Font Info:    ... okay on input line 43.
LaTeX Font Info:    Checking defaults for TS1/cmr/m/n on input line 43.
LaTeX Font Info:    ... okay on input line 43.
LaTeX Font Info:    Checking defaults for OMX/cmex/m/n on input line 43.
LaTeX Font Info:    ... okay on input line 43.
LaTeX Font Info:    Checking defaults for U/cmr/m/n on input line 43.
LaTeX Font Info:    ... okay on input line 43.
LaTeX Font Info:    Checking defaults for PD1/pdf/m/n on input line 43.
LaTeX Font Info:    ... okay on input line 43.
LaTeX Font Info:    Checking defaults for PU/pdf/m/n on input line 43.
LaTeX Font Info:    ... okay on input line 43.
Package hyperref Info: Link coloring ON on input line 43.
 (./ResNet_Article_reviewed.out)
(./ResNet_Article_reviewed.out)
\@outlinefile=\write5
\openout5 = `ResNet_Article_reviewed.out'.


(/usr/local/texlive/2023/texmf-dist/tex/context/base/mkii/supp-pdf.mkii
[Loading MPS to PDF converter (version 2006.09.02).]
\scratchcounter=\count334
\scratchdimen=\dimen283
\scratchbox=\box80
\nofMPsegments=\count335
\nofMParguments=\count336
\everyMPshowfont=\toks52
\MPscratchCnt=\count337
\MPscratchDim=\dimen284
\MPnumerator=\count338
\makeMPintoPDFobject=\count339
\everyMPtoPDFconversion=\toks53
) (/usr/local/texlive/2023/texmf-dist/tex/latex/epstopdf-pkg/epstopdf-base.sty
Package: epstopdf-base 2020-01-24 v2.11 Base part for package epstopdf
Package epstopdf-base Info: Redefining graphics rule for `.eps' on input line 4
85.

(/usr/local/texlive/2023/texmf-dist/tex/latex/latexconfig/epstopdf-sys.cfg
File: epstopdf-sys.cfg 2010/07/13 v1.3 Configuration of (r)epstopdf for TeX Liv
e
))
Package caption Info: Begin \AtBeginDocument code.
Package caption Info: End \AtBeginDocument code.
Class revtex4-2 Info: Taking \maketitle back from hyperref on input line 43.
\openout3 = `ResNet_Article_reviewedNotes.bib'.



Class revtex4-2 Warning: If you want your keywords to appear in your output, us
e document class option showkeys.

[1{/usr/local/texlive/2023/texmf-var/fonts/map/pdftex/updmap/pdftex.map}{/usr/l
ocal/texlive/2023/texmf-dist/fonts/enc/dvips/cm-super/cm-super-t1.enc}]
LaTeX Font Info:    Trying to load font information for T1+cmtt on input line 1
39.

(/usr/local/texlive/2023/texmf-dist/tex/latex/base/t1cmtt.fd
File: t1cmtt.fd 2022/07/10 v2.5l Standard LaTeX font definitions
) [2] [3]
<Figures//combined_TTmap_qscan.png, id=205, 983.8356pt x 448.074pt>
File: Figures//combined_TTmap_qscan.png Graphic file (type png)
<use Figures//combined_TTmap_qscan.png>
Package pdftex.def Info: Figures//combined_TTmap_qscan.png  used on input line 
184.
(pdftex.def)             Requested size: 510.0pt x 232.27509pt.
 [4]
<Figures//EasyResNet.png, id=229, 725.47035pt x 347.3778pt>
File: Figures//EasyResNet.png Graphic file (type png)
<use Figures//EasyResNet.png>
Package pdftex.def Info: Figures//EasyResNet.png  used on input line 209.
(pdftex.def)             Requested size: 408.00156pt x 195.36772pt.
<Figures//ResBlock.png, id=230, 544.1931pt x 344.0052pt>
File: Figures//ResBlock.png Graphic file (type png)
<use Figures//ResBlock.png>
Package pdftex.def Info: Figures//ResBlock.png  used on input line 217.
(pdftex.def)             Requested size: 255.0pt x 161.19429pt.

[5 <./Figures//combined_TTmap_qscan.png>]
<Figures//Distance_opt_snr_S1.png, id=249, 478.9092pt x 379.1766pt>
File: Figures//Distance_opt_snr_S1.png Graphic file (type png)
<use Figures//Distance_opt_snr_S1.png>
Package pdftex.def Info: Figures//Distance_opt_snr_S1.png  used on input line 2
43.
(pdftex.def)             Requested size: 246.0pt x 194.76608pt.
<Figures//CDF_S1_Inj_Prob.png, id=250, 487.8225pt x 379.4175pt>
File: Figures//CDF_S1_Inj_Prob.png Graphic file (type png)
<use Figures//CDF_S1_Inj_Prob.png>
Package pdftex.def Info: Figures//CDF_S1_Inj_Prob.png  used on input line 249.
(pdftex.def)             Requested size: 246.0pt x 191.33511pt.
 [6 <./Figures//EasyResNet.png> <./Figures//ResBlock.png (PNG copy)>]

LaTeX Warning: A float is stuck (cannot be placed); try class option [floatfix]
 on input line 259.

<Figures//Roc_Superimposed_S1.png, id=262, 487.8225pt x 379.1766pt>
File: Figures//Roc_Superimposed_S1.png Graphic file (type png)
<use Figures//Roc_Superimposed_S1.png>
Package pdftex.def Info: Figures//Roc_Superimposed_S1.png  used on input line 2
70.
(pdftex.def)             Requested size: 246.0pt x 191.21362pt.
[7 <./Figures//Distance_opt_snr_S1.png> <./Figures//CDF_S1_Inj_Prob.png> <./Fig
ures//Roc_Superimposed_S1.png>]
<Figures//Distance_opt_snr_S2.png, id=284, 478.9092pt x 379.1766pt>
File: Figures//Distance_opt_snr_S2.png Graphic file (type png)
<use Figures//Distance_opt_snr_S2.png>
Package pdftex.def Info: Figures//Distance_opt_snr_S2.png  used on input line 3
37.
(pdftex.def)             Requested size: 246.0pt x 194.76608pt.
<Figures//Roc_Superimposed_S2.png, id=285, 487.8225pt x 379.1766pt>
File: Figures//Roc_Superimposed_S2.png Graphic file (type png)
<use Figures//Roc_Superimposed_S2.png>
Package pdftex.def Info: Figures//Roc_Superimposed_S2.png  used on input line 3
43.
(pdftex.def)             Requested size: 246.0pt x 191.21362pt.
 [8]

LaTeX Warning: A float is stuck (cannot be placed); try class option [floatfix]
 on input line 352.

<Figures//Distance_opt_snr_S3.png, id=305, 478.9092pt x 379.1766pt>
File: Figures//Distance_opt_snr_S3.png Graphic file (type png)
<use Figures//Distance_opt_snr_S3.png>
Package pdftex.def Info: Figures//Distance_opt_snr_S3.png  used on input line 3
69.
(pdftex.def)             Requested size: 246.0pt x 194.76608pt.
<Figures//Roc_Superimposed_S3.png, id=306, 487.8225pt x 379.1766pt>
File: Figures//Roc_Superimposed_S3.png Graphic file (type png)
<use Figures//Roc_Superimposed_S3.png>
Package pdftex.def Info: Figures//Roc_Superimposed_S3.png  used on input line 3
75.
(pdftex.def)             Requested size: 246.0pt x 191.21362pt.
[9 <./Figures//Distance_opt_snr_S2.png> <./Figures//Roc_Superimposed_S2.png> <.
/Figures//Distance_opt_snr_S3.png> <./Figures//Roc_Superimposed_S3.png>]
<Figures//Extreme_spin_axis.png, id=317, 421.575pt x 290.2845pt>
File: Figures//Extreme_spin_axis.png Graphic file (type png)
<use Figures//Extreme_spin_axis.png>
Package pdftex.def Info: Figures//Extreme_spin_axis.png  used on input line 393
.
(pdftex.def)             Requested size: 246.0pt x 169.39273pt.
<Figures//Superimposed_axis.png, id=322, 421.575pt x 290.2845pt>
File: Figures//Superimposed_axis.png Graphic file (type png)
<use Figures//Superimposed_axis.png>
Package pdftex.def Info: Figures//Superimposed_axis.png  used on input line 407
.
(pdftex.def)             Requested size: 246.0pt x 169.39273pt.
<Figures//Superimposed_axis_zoom.png, id=323, 371.4678pt x 318.9516pt>
File: Figures//Superimposed_axis_zoom.png Graphic file (type png)
<use Figures//Superimposed_axis_zoom.png>
Package pdftex.def Info: Figures//Superimposed_axis_zoom.png  used on input lin
e 414.
(pdftex.def)             Requested size: 196.80075pt x 168.98026pt.
<Figures//HM_axis.png, id=327, 421.575pt x 290.2845pt>
File: Figures//HM_axis.png Graphic file (type png)
<use Figures//HM_axis.png>
Package pdftex.def Info: Figures//HM_axis.png  used on input line 429.
(pdftex.def)             Requested size: 246.0pt x 169.39273pt.

[10 <./Figures//Extreme_spin_axis.png>]

LaTeX Warning: A float is stuck (cannot be placed); try class option [floatfix]
 on input line 437.

<Figures//Precessing_axis.png, id=344, 421.575pt x 290.2845pt>
File: Figures//Precessing_axis.png Graphic file (type png)
<use Figures//Precessing_axis.png>
Package pdftex.def Info: Figures//Precessing_axis.png  used on input line 441.
(pdftex.def)             Requested size: 246.0pt x 169.39273pt.
[11 <./Figures//Superimposed_axis.png> <./Figures//Superimposed_axis_zoom.png> 
<./Figures//HM_axis.png> <./Figures//Precessing_axis.png>]
<Figures//Eccentricity_axis.png, id=365, 421.575pt x 290.2845pt>
File: Figures//Eccentricity_axis.png Graphic file (type png)
<use Figures//Eccentricity_axis.png>
Package pdftex.def Info: Figures//Eccentricity_axis.png  used on input line 453
.
(pdftex.def)             Requested size: 246.0pt x 169.39273pt.
<Figures//Roc_Superimposed_S4.png, id=368, 487.8225pt x 379.1766pt>
File: Figures//Roc_Superimposed_S4.png Graphic file (type png)
<use Figures//Roc_Superimposed_S4.png>
Package pdftex.def Info: Figures//Roc_Superimposed_S4.png  used on input line 4
64.
(pdftex.def)             Requested size: 246.0pt x 191.21362pt.
<Figures//RocScatter_AllTags.png, id=369, 1525.8606pt x 726.7953pt>
File: Figures//RocScatter_AllTags.png Graphic file (type png)
<use Figures//RocScatter_AllTags.png>
Package pdftex.def Info: Figures//RocScatter_AllTags.png  used on input line 47
1.
(pdftex.def)             Requested size: 510.0pt x 242.91512pt.
 [12 <./Figures//Eccentricity_axis.png> <./Figures//Roc_Superimposed_S4.png>] [
13 <./Figures//RocScatter_AllTags.png>] [14]
<Figures//Q-trasnform-3injection-mcbelow.png, id=396, 578.16pt x 289.08pt>
File: Figures//Q-trasnform-3injection-mcbelow.png Graphic file (type png)
<use Figures//Q-trasnform-3injection-mcbelow.png>
Package pdftex.def Info: Figures//Q-trasnform-3injection-mcbelow.png  used on i
nput line 572.
(pdftex.def)             Requested size: 246.0pt x 122.9963pt.
<Figures//Q-trasnform-3injection-mcabove.png, id=397, 578.16pt x 289.08pt>
File: Figures//Q-trasnform-3injection-mcabove.png Graphic file (type png)
<use Figures//Q-trasnform-3injection-mcabove.png>
Package pdftex.def Info: Figures//Q-trasnform-3injection-mcabove.png  used on i
nput line 580.
(pdftex.def)             Requested size: 246.0pt x 122.9963pt.
 (./ResNet_Article_reviewed.bbl
Underfull \hbox (badness 5345) in paragraph at lines 110--119
 []\T1/cmr/m/n/9 R. Ab-bott \T1/cmr/m/it/9 et al. \T1/cmr/m/n/9 (LIGO Sci-en-ti
fic Col-lab-o-ra-tion
 []


Underfull \hbox (badness 3158) in paragraph at lines 110--119
 \T1/cmr/m/n/9 LIGO and Virgo dur-ing the sec-ond part of the
 []


Underfull \hbox (badness 2181) in paragraph at lines 123--133
 []\T1/cmr/m/n/9 A. G. Abac \T1/cmr/m/it/9 et al. \T1/cmr/m/n/9 (LIGO Sci-en-ti
fic Col-lab-o-ra-tion
 []


Underfull \hbox (badness 1406) in paragraph at lines 163--172
 \T1/cmr/m/n/9 pli-ca-tions of the $\OT1/cmr/m/n/9 150 \OML/cmm/m/it/9 m[]$ \T1
/cmr/m/n/9 bi-nary black hole merger
 []


Underfull \hbox (badness 3312) in paragraph at lines 163--172
 \T1/cmr/m/n/9 GW190521, [][]As-tro-phys. J. Lett. \T1/cmr/bx/n/9 900\T1/cmr/m/
n/9 , L13 (2020)[][],
 []


Underfull \hbox (badness 1107) in paragraph at lines 176--183
 []\T1/cmr/m/n/9 J. Aasi \T1/cmr/m/it/9 et al. \T1/cmr/m/n/9 (LIGO Sci-en-tific
 Col-lab-o-ra-tion), Ad-
 []


Underfull \hbox (badness 1189) in paragraph at lines 187--195
 []\T1/cmr/m/n/9 F. Ac-er-nese \T1/cmr/m/it/9 et al. \T1/cmr/m/n/9 (Virgo Col-l
ab-o-ra-tion), Ad-vanced
 []

[15 <./Figures//Q-trasnform-3injection-mcbelow.png> <./Figures//Q-trasnform-3in
jection-mcabove.png>]
Underfull \hbox (badness 1137) in paragraph at lines 242--248
 []\T1/cmr/m/n/9 M. Evans \T1/cmr/m/it/9 et al.\T1/cmr/m/n/9 , A hori-zon study
 for Cos-mic Ex-
 []


Underfull \hbox (badness 1259) in paragraph at lines 309--318
 \T1/cmr/m/n/9 KAGRA ob-serv-ing run, [][]Class. Quan-tum Grav. \T1/cmr/bx/n/9 
42\T1/cmr/m/n/9 ,
 []


Underfull \hbox (badness 1259) in paragraph at lines 321--333
 []\T1/cmr/m/n/9 S. Hooper \T1/cmr/m/it/9 et al.\T1/cmr/m/n/9 , Summed par-al-l
el in-fi-nite im-pulse
 []


Underfull \hbox (badness 1117) in paragraph at lines 392--401
 \T1/cmr/m/n/9 M. W. Cough-lin, P. Har-ris, and E. Kat-savouni-dis,
 []


Underfull \hbox (badness 1242) in paragraph at lines 489--497
 []\T1/cmr/m/n/9 D. Bev-eridge, A. McLeod, L. Wen, W. Guo, and
 []


Underfull \hbox (badness 1701) in paragraph at lines 503--510
 []\T1/cmr/m/n/9 T. S. Ya-mamoto, K. Can-non, H. Mo-to-hashi, and
 []


Underfull \hbox (badness 3690) in paragraph at lines 574--582
 []\T1/cmr/m/n/9 K. Ka-canja, A. H. Nitz, S. Wu, M. Cusi-nato,
 []

[16]
Underfull \hbox (badness 2181) in paragraph at lines 669--679
 []\T1/cmr/m/n/9 A. G. Abac \T1/cmr/m/it/9 et al. \T1/cmr/m/n/9 (LIGO Sci-en-ti
fic Col-lab-o-ra-tion
 []


Underfull \hbox (badness 2181) in paragraph at lines 683--692
 []\T1/cmr/m/n/9 A. G. Abac \T1/cmr/m/it/9 et al. \T1/cmr/m/n/9 (LIGO Sci-en-ti
fic Col-lab-o-ra-tion
 []


Underfull \hbox (badness 1028) in paragraph at lines 683--692
 \T1/cmr/m/n/9 GWTC-4.0: An in-tro-duc-tion to ver-sion 4.0 of the
 []


Underfull \hbox (badness 1365) in paragraph at lines 713--724
 []\T1/cmr/m/n/9 D. Shoe-maker, \T1/cmr/m/it/9 Ad-vanced LIGO an-tic-i-pated se
n-si-tiv-
 []


Underfull \hbox (badness 1515) in paragraph at lines 713--724
 \T1/cmr/m/it/9 ity curves\T1/cmr/m/n/9 , Tech. Rep. LIGO-T0900288 (LIGO Sci-
 []


Underfull \hbox (badness 3302) in paragraph at lines 713--724
 \T1/cmr/m/n/9 en-tific Col-lab-o-ra-tion, 2009) [][]$\T1/cmtt/m/n/9 https : / 
/ dcc . ligo . org /
 []


Underfull \hbox (badness 1577) in paragraph at lines 976--985
 []\T1/cmr/m/n/9 L. Pom-pili, A. Buo-nanno, H. Es-tel-lés, M. Khalil,
 []


Underfull \hbox (badness 6047) in paragraph at lines 1049--1058
 \T1/cmr/m/n/9 D. P. Mi-haylov, S. Os-sokine, L. Pom-pili, and
 []

[17]) [18] (./ResNet_Article_reviewed.aux)

LaTeX Warning: Label(s) may have changed. Rerun to get cross-references right.

Package rerunfilecheck Info: File `ResNet_Article_reviewed.out' has not changed
.
(rerunfilecheck)             Checksum: B6A57AEA89F61281E2F90B21559FCEA2;2275.
 ) 
Here is how much of TeX's memory you used:
 24402 strings out of 476025
 457111 string characters out of 5790017
 1888388 words of memory out of 5000000
 44323 multiletter control sequences out of 15000+600000
 521706 words of font info for 52 fonts, out of 8000000 for 9000
 1141 hyphenation exceptions out of 8191
 99i,11n,94p,2230b,780s stack positions out of 10000i,1000n,20000p,200000b,200000s
</usr/local/texlive/2023/texmf-dist/fonts/type1/public/amsfonts/cm/cmex10.pfb
></usr/local/texlive/2023/texmf-dist/fonts/type1/public/amsfonts/cm/cmmi10.pfb>
</usr/local/texlive/2023/texmf-dist/fonts/type1/public/amsfonts/cm/cmmi5.pfb></
usr/local/texlive/2023/texmf-dist/fonts/type1/public/amsfonts/cm/cmmi7.pfb></us
r/local/texlive/2023/texmf-dist/fonts/type1/public/amsfonts/cm/cmmi9.pfb></usr/
local/texlive/2023/texmf-dist/fonts/type1/public/amsfonts/cm/cmr10.pfb></usr/lo
cal/texlive/2023/texmf-dist/fonts/type1/public/amsfonts/cm/cmr5.pfb></usr/local
/texlive/2023/texmf-dist/fonts/type1/public/amsfonts/cm/cmr6.pfb></usr/local/te
xlive/2023/texmf-dist/fonts/type1/public/amsfonts/cm/cmr7.pfb></usr/local/texli
ve/2023/texmf-dist/fonts/type1/public/amsfonts/cm/cmr9.pfb></usr/local/texlive/
2023/texmf-dist/fonts/type1/public/amsfonts/cm/cmsy10.pfb></usr/local/texlive/2
023/texmf-dist/fonts/type1/public/amsfonts/cm/cmsy5.pfb></usr/local/texlive/202
3/texmf-dist/fonts/type1/public/amsfonts/cm/cmsy6.pfb></usr/local/texlive/2023/
texmf-dist/fonts/type1/public/amsfonts/cm/cmsy7.pfb></usr/local/texlive/2023/te
xmf-dist/fonts/type1/public/amsfonts/cm/cmsy9.pfb></usr/local/texlive/2023/texm
f-dist/fonts/type1/public/cm-super/sfbx0900.pfb></usr/local/texlive/2023/texmf-
dist/fonts/type1/public/cm-super/sfbx1200.pfb></usr/local/texlive/2023/texmf-di
st/fonts/type1/public/cm-super/sfrm0600.pfb></usr/local/texlive/2023/texmf-dist
/fonts/type1/public/cm-super/sfrm0700.pfb></usr/local/texlive/2023/texmf-dist/f
onts/type1/public/cm-super/sfrm0900.pfb></usr/local/texlive/2023/texmf-dist/fon
ts/type1/public/cm-super/sfrm1000.pfb></usr/local/texlive/2023/texmf-dist/fonts
/type1/public/cm-super/sfti0900.pfb></usr/local/texlive/2023/texmf-dist/fonts/t
ype1/public/cm-super/sftt0900.pfb></usr/local/texlive/2023/texmf-dist/fonts/typ
e1/public/cm-super/sftt1000.pfb>
Output written on ResNet_Article_reviewed.pdf (18 pages, 19510422 bytes).
PDF statistics:
 735 PDF objects out of 1000 (max. 8388607)
 621 compressed objects within 7 object streams
 136 named destinations out of 1000 (max. 500000)
 225 words of extra memory for PDF output out of 10000 (max. 10000000)

